Attempt: f262b2be74c8
Status: abandoned
Generation: 3 (draft)
Failure stage: initial_patch:model_designer
Failure reason: stage=initial_patch:model_designer; agent_or_guardrail_failure: RuntimeError: model_designer failed to provide an applicable patch after three responses: ValueError: patch context does not match reference file
Hypothesis: Augment the additive-plus-interaction model with leakage-safe sequential user-history features: maintain exponentially decayed counts of prior long_view-positive and long_view-negative impressions for each user, compute each impression’s features using only events strictly earlier than its timestamp, and add separate learned coefficients for the two counts while leaving the pointwise long_view loss, data split, optimizer controls, checkpoint selection, and within-user ranking evaluation unchanged. Test whether recent behavioral state improves GAUC and nDCG@5 beyond static user-video affinity.
Active agents: model_designer
Elapsed seconds: 45.185
Other logs: -

Structured failure reports:
[
  {
    "kind": "contract_fulfillment",
    "message": "model_designer patch response was invalid: ValueError: patch context does not match reference file",
    "traceback": "Traceback (most recent call last):\n  File \"/mnt/d/tehpengagent/src/ernest/agentic_recsys/overseer.py\", line 199, in request_and_apply_patch\n    apply_agent_patches(sandbox, patches, AGENT_FILES[agent])\n  File \"/mnt/d/tehpengagent/src/ernest/agentic_recsys/sandbox.py\", line 135, in apply_agent_patches\n    apply_unified_diff(root, filename, patch)\n  File \"/mnt/d/tehpengagent/src/ernest/agentic_recsys/sandbox.py\", line 116, in apply_unified_diff\n    raise ValueError(\"patch context does not match reference file\")\nValueError: patch context does not match reference file\n",
    "responsible_agents": [
      "model_designer"
    ],
    "attempt": 1,
    "return_code": null
  },
  {
    "kind": "contract_fulfillment",
    "message": "model_designer patch response was invalid: ValueError: patch context does not match reference file",
    "traceback": "Traceback (most recent call last):\n  File \"/mnt/d/tehpengagent/src/ernest/agentic_recsys/overseer.py\", line 199, in request_and_apply_patch\n    apply_agent_patches(sandbox, patches, AGENT_FILES[agent])\n  File \"/mnt/d/tehpengagent/src/ernest/agentic_recsys/sandbox.py\", line 135, in apply_agent_patches\n    apply_unified_diff(root, filename, patch)\n  File \"/mnt/d/tehpengagent/src/ernest/agentic_recsys/sandbox.py\", line 116, in apply_unified_diff\n    raise ValueError(\"patch context does not match reference file\")\nValueError: patch context does not match reference file\n",
    "responsible_agents": [
      "model_designer"
    ],
    "attempt": 2,
    "return_code": null
  },
  {
    "kind": "contract_fulfillment",
    "message": "model_designer patch response was invalid: ValueError: patch context does not match reference file",
    "traceback": "Traceback (most recent call last):\n  File \"/mnt/d/tehpengagent/src/ernest/agentic_recsys/overseer.py\", line 199, in request_and_apply_patch\n    apply_agent_patches(sandbox, patches, AGENT_FILES[agent])\n  File \"/mnt/d/tehpengagent/src/ernest/agentic_recsys/sandbox.py\", line 135, in apply_agent_patches\n    apply_unified_diff(root, filename, patch)\n  File \"/mnt/d/tehpengagent/src/ernest/agentic_recsys/sandbox.py\", line 116, in apply_unified_diff\n    raise ValueError(\"patch context does not match reference file\")\nValueError: patch context does not match reference file\n",
    "responsible_agents": [
      "model_designer"
    ],
    "attempt": 3,
    "return_code": null
  }
]

Full exception traceback:
Traceback (most recent call last):
  File "/mnt/d/tehpengagent/src/ernest/agentic_recsys/overseer.py", line 199, in request_and_apply_patch
    apply_agent_patches(sandbox, patches, AGENT_FILES[agent])
  File "/mnt/d/tehpengagent/src/ernest/agentic_recsys/sandbox.py", line 135, in apply_agent_patches
    apply_unified_diff(root, filename, patch)
  File "/mnt/d/tehpengagent/src/ernest/agentic_recsys/sandbox.py", line 116, in apply_unified_diff
    raise ValueError("patch context does not match reference file")
ValueError: patch context does not match reference file

The above exception was the direct cause of the following exception:

Traceback (most recent call last):
  File "/mnt/d/tehpengagent/src/ernest/agentic_recsys/overseer.py", line 233, in _run_hypothesis
    request_and_apply_patch(agent, phase=failure_stage)
  File "/mnt/d/tehpengagent/src/ernest/agentic_recsys/overseer.py", line 215, in request_and_apply_patch
    raise RuntimeError(
RuntimeError: model_designer failed to provide an applicable patch after three responses: ValueError: patch context does not match reference file
