Attempt: 446801b00128
Status: abandoned
Generation: 3 (draft)
Failure stage: initial_patch:feature_engineer
Failure reason: stage=initial_patch:feature_engineer; agent_or_guardrail_failure: RuntimeError: feature_engineer failed to provide an applicable patch after three responses: ValueError: invalid hunk line: '@@\n'
Hypothesis: Augment the additive-plus-interaction model with a leakage-safe sequential user-history feature: maintain each user’s exponentially decayed counts of prior long_view-positive and long_view-negative impressions, compute these counts using only events earlier than each impression, and add separate learned coefficients for the two counts while leaving the pointwise long_view loss, split, checkpoint proxy, and within-user ranking evaluation unchanged. Test whether recent behavioral state improves GAUC and nDCG@5 beyond static user-video affinity.
Active agents: feature_engineer, model_designer, trainer
Elapsed seconds: 86.147
Other logs: -

Structured failure reports:
[
  {
    "kind": "contract_fulfillment",
    "message": "feature_engineer patch response was invalid: ValueError: invalid hunk line: '@@\\n'",
    "traceback": "Traceback (most recent call last):\n  File \"/mnt/d/tehpengagent/src/ernest/agentic_recsys/overseer.py\", line 199, in request_and_apply_patch\n    apply_agent_patches(sandbox, patches, AGENT_FILES[agent])\n  File \"/mnt/d/tehpengagent/src/ernest/agentic_recsys/sandbox.py\", line 135, in apply_agent_patches\n    apply_unified_diff(root, filename, patch)\n  File \"/mnt/d/tehpengagent/src/ernest/agentic_recsys/sandbox.py\", line 112, in apply_unified_diff\n    raise ValueError(f\"invalid hunk line: {line[:100]!r}\")\nValueError: invalid hunk line: '@@\\n'\n",
    "responsible_agents": [
      "feature_engineer"
    ],
    "attempt": 1,
    "return_code": null
  },
  {
    "kind": "contract_fulfillment",
    "message": "feature_engineer patch response was invalid: ValueError: invalid hunk line: '@@\\n'",
    "traceback": "Traceback (most recent call last):\n  File \"/mnt/d/tehpengagent/src/ernest/agentic_recsys/overseer.py\", line 199, in request_and_apply_patch\n    apply_agent_patches(sandbox, patches, AGENT_FILES[agent])\n  File \"/mnt/d/tehpengagent/src/ernest/agentic_recsys/sandbox.py\", line 135, in apply_agent_patches\n    apply_unified_diff(root, filename, patch)\n  File \"/mnt/d/tehpengagent/src/ernest/agentic_recsys/sandbox.py\", line 112, in apply_unified_diff\n    raise ValueError(f\"invalid hunk line: {line[:100]!r}\")\nValueError: invalid hunk line: '@@\\n'\n",
    "responsible_agents": [
      "feature_engineer"
    ],
    "attempt": 2,
    "return_code": null
  },
  {
    "kind": "contract_fulfillment",
    "message": "feature_engineer patch response was invalid: ValueError: invalid hunk line: '@@\\n'",
    "traceback": "Traceback (most recent call last):\n  File \"/mnt/d/tehpengagent/src/ernest/agentic_recsys/overseer.py\", line 199, in request_and_apply_patch\n    apply_agent_patches(sandbox, patches, AGENT_FILES[agent])\n  File \"/mnt/d/tehpengagent/src/ernest/agentic_recsys/sandbox.py\", line 135, in apply_agent_patches\n    apply_unified_diff(root, filename, patch)\n  File \"/mnt/d/tehpengagent/src/ernest/agentic_recsys/sandbox.py\", line 112, in apply_unified_diff\n    raise ValueError(f\"invalid hunk line: {line[:100]!r}\")\nValueError: invalid hunk line: '@@\\n'\n",
    "responsible_agents": [
      "feature_engineer"
    ],
    "attempt": 3,
    "return_code": null
  }
]

Full exception traceback:
Traceback (most recent call last):
  File "/mnt/d/tehpengagent/src/ernest/agentic_recsys/overseer.py", line 199, in request_and_apply_patch
    apply_agent_patches(sandbox, patches, AGENT_FILES[agent])
  File "/mnt/d/tehpengagent/src/ernest/agentic_recsys/sandbox.py", line 135, in apply_agent_patches
    apply_unified_diff(root, filename, patch)
  File "/mnt/d/tehpengagent/src/ernest/agentic_recsys/sandbox.py", line 112, in apply_unified_diff
    raise ValueError(f"invalid hunk line: {line[:100]!r}")
ValueError: invalid hunk line: '@@\n'

The above exception was the direct cause of the following exception:

Traceback (most recent call last):
  File "/mnt/d/tehpengagent/src/ernest/agentic_recsys/overseer.py", line 233, in _run_hypothesis
    request_and_apply_patch(agent, phase=failure_stage)
  File "/mnt/d/tehpengagent/src/ernest/agentic_recsys/overseer.py", line 215, in request_and_apply_patch
    raise RuntimeError(
RuntimeError: feature_engineer failed to provide an applicable patch after three responses: ValueError: invalid hunk line: '@@\n'
