Attempt: 544e6ac5e8c5
Status: abandoned
Generation: 3 (draft)
Failure stage: initial_patch:trainer
Failure reason: stage=initial_patch:trainer; agent_or_guardrail_failure: RuntimeError: trainer failed to provide an applicable patch after three responses: ValueError: patch context does not match reference file
Hypothesis: Starting from the additive-plus-16-dimensional user-video interaction model, use within-user hard-negative mining for pointwise long_view BCE: at the start of each epoch, score all training impressions, retain every positive and at most three highest-scoring negative impressions per user, then train BCE on this refreshed subset with the existing optimizer, learning rate, L2, split, checkpoint proxy, and fixed within-user ranking evaluation unchanged. This tests whether concentrating updates on confusing negatives improves GAUC and nDCG@5 while reducing the current high-recall/low-precision classification tradeoff.
Active agents: trainer
Elapsed seconds: 58.075
Other logs: -

Structured failure reports:
[
  {
    "kind": "contract_fulfillment",
    "message": "trainer patch response was invalid: ValueError: patch context does not match reference file",
    "traceback": "Traceback (most recent call last):\n  File \"/mnt/d/tehpengagent/src/ernest/agentic_recsys/overseer.py\", line 199, in request_and_apply_patch\n    apply_agent_patches(sandbox, patches, AGENT_FILES[agent])\n  File \"/mnt/d/tehpengagent/src/ernest/agentic_recsys/sandbox.py\", line 135, in apply_agent_patches\n    apply_unified_diff(root, filename, patch)\n  File \"/mnt/d/tehpengagent/src/ernest/agentic_recsys/sandbox.py\", line 116, in apply_unified_diff\n    raise ValueError(\"patch context does not match reference file\")\nValueError: patch context does not match reference file\n",
    "responsible_agents": [
      "trainer"
    ],
    "attempt": 1,
    "return_code": null
  },
  {
    "kind": "contract_fulfillment",
    "message": "trainer patch response was invalid: ValueError: patch context does not match reference file",
    "traceback": "Traceback (most recent call last):\n  File \"/mnt/d/tehpengagent/src/ernest/agentic_recsys/overseer.py\", line 199, in request_and_apply_patch\n    apply_agent_patches(sandbox, patches, AGENT_FILES[agent])\n  File \"/mnt/d/tehpengagent/src/ernest/agentic_recsys/sandbox.py\", line 135, in apply_agent_patches\n    apply_unified_diff(root, filename, patch)\n  File \"/mnt/d/tehpengagent/src/ernest/agentic_recsys/sandbox.py\", line 116, in apply_unified_diff\n    raise ValueError(\"patch context does not match reference file\")\nValueError: patch context does not match reference file\n",
    "responsible_agents": [
      "trainer"
    ],
    "attempt": 2,
    "return_code": null
  },
  {
    "kind": "contract_fulfillment",
    "message": "trainer patch response was invalid: ValueError: patch context does not match reference file",
    "traceback": "Traceback (most recent call last):\n  File \"/mnt/d/tehpengagent/src/ernest/agentic_recsys/overseer.py\", line 199, in request_and_apply_patch\n    apply_agent_patches(sandbox, patches, AGENT_FILES[agent])\n  File \"/mnt/d/tehpengagent/src/ernest/agentic_recsys/sandbox.py\", line 135, in apply_agent_patches\n    apply_unified_diff(root, filename, patch)\n  File \"/mnt/d/tehpengagent/src/ernest/agentic_recsys/sandbox.py\", line 116, in apply_unified_diff\n    raise ValueError(\"patch context does not match reference file\")\nValueError: patch context does not match reference file\n",
    "responsible_agents": [
      "trainer"
    ],
    "attempt": 3,
    "return_code": null
  }
]

Full exception traceback:
Traceback (most recent call last):
  File "/mnt/d/tehpengagent/src/ernest/agentic_recsys/overseer.py", line 199, in request_and_apply_patch
    apply_agent_patches(sandbox, patches, AGENT_FILES[agent])
  File "/mnt/d/tehpengagent/src/ernest/agentic_recsys/sandbox.py", line 135, in apply_agent_patches
    apply_unified_diff(root, filename, patch)
  File "/mnt/d/tehpengagent/src/ernest/agentic_recsys/sandbox.py", line 116, in apply_unified_diff
    raise ValueError("patch context does not match reference file")
ValueError: patch context does not match reference file

The above exception was the direct cause of the following exception:

Traceback (most recent call last):
  File "/mnt/d/tehpengagent/src/ernest/agentic_recsys/overseer.py", line 233, in _run_hypothesis
    request_and_apply_patch(agent, phase=failure_stage)
  File "/mnt/d/tehpengagent/src/ernest/agentic_recsys/overseer.py", line 215, in request_and_apply_patch
    raise RuntimeError(
RuntimeError: trainer failed to provide an applicable patch after three responses: ValueError: patch context does not match reference file
