Attempt: 2f3f6f5625e1
Status: abandoned
Generation: 3 (draft)
Failure stage: initial_patch:model_designer
Failure reason: stage=initial_patch:model_designer; agent_or_guardrail_failure: RuntimeError: model_designer failed to provide an applicable patch after three responses: ValueError: patch context does not match reference file
Hypothesis: Starting from experiment 1, replace pointwise long_view binary cross-entropy with focal binary cross-entropy using gamma=1.5, while retaining the additive-plus-16-dimensional user-video interaction model, optimizer, split, checkpoint proxy, and fixed within-user evaluation. Apply the focal factor to each impression using its current predicted probability, keep the long_view logit as the sole scored output, and compare primary, GAUC, and nDCG@5 against the parent.
Active agents: model_designer
Elapsed seconds: 37.353
Other logs: -

Structured failure reports:
[
  {
    "kind": "contract_fulfillment",
    "message": "model_designer patch response was invalid: ValueError: patch context does not match reference file",
    "traceback": "Traceback (most recent call last):\n  File \"/mnt/d/tehpengagent/src/ernest/agentic_recsys/overseer.py\", line 199, in request_and_apply_patch\n    apply_agent_patches(sandbox, patches, AGENT_FILES[agent])\n  File \"/mnt/d/tehpengagent/src/ernest/agentic_recsys/sandbox.py\", line 135, in apply_agent_patches\n    apply_unified_diff(root, filename, patch)\n  File \"/mnt/d/tehpengagent/src/ernest/agentic_recsys/sandbox.py\", line 116, in apply_unified_diff\n    raise ValueError(\"patch context does not match reference file\")\nValueError: patch context does not match reference file\n",
    "responsible_agents": [
      "model_designer"
    ],
    "attempt": 1,
    "return_code": null
  },
  {
    "kind": "contract_fulfillment",
    "message": "model_designer patch response was invalid: ValueError: patch context does not match reference file",
    "traceback": "Traceback (most recent call last):\n  File \"/mnt/d/tehpengagent/src/ernest/agentic_recsys/overseer.py\", line 199, in request_and_apply_patch\n    apply_agent_patches(sandbox, patches, AGENT_FILES[agent])\n  File \"/mnt/d/tehpengagent/src/ernest/agentic_recsys/sandbox.py\", line 135, in apply_agent_patches\n    apply_unified_diff(root, filename, patch)\n  File \"/mnt/d/tehpengagent/src/ernest/agentic_recsys/sandbox.py\", line 116, in apply_unified_diff\n    raise ValueError(\"patch context does not match reference file\")\nValueError: patch context does not match reference file\n",
    "responsible_agents": [
      "model_designer"
    ],
    "attempt": 2,
    "return_code": null
  },
  {
    "kind": "contract_fulfillment",
    "message": "model_designer patch response was invalid: ValueError: patch context does not match reference file",
    "traceback": "Traceback (most recent call last):\n  File \"/mnt/d/tehpengagent/src/ernest/agentic_recsys/overseer.py\", line 199, in request_and_apply_patch\n    apply_agent_patches(sandbox, patches, AGENT_FILES[agent])\n  File \"/mnt/d/tehpengagent/src/ernest/agentic_recsys/sandbox.py\", line 135, in apply_agent_patches\n    apply_unified_diff(root, filename, patch)\n  File \"/mnt/d/tehpengagent/src/ernest/agentic_recsys/sandbox.py\", line 116, in apply_unified_diff\n    raise ValueError(\"patch context does not match reference file\")\nValueError: patch context does not match reference file\n",
    "responsible_agents": [
      "model_designer"
    ],
    "attempt": 3,
    "return_code": null
  }
]

Full exception traceback:
Traceback (most recent call last):
  File "/mnt/d/tehpengagent/src/ernest/agentic_recsys/overseer.py", line 199, in request_and_apply_patch
    apply_agent_patches(sandbox, patches, AGENT_FILES[agent])
  File "/mnt/d/tehpengagent/src/ernest/agentic_recsys/sandbox.py", line 135, in apply_agent_patches
    apply_unified_diff(root, filename, patch)
  File "/mnt/d/tehpengagent/src/ernest/agentic_recsys/sandbox.py", line 116, in apply_unified_diff
    raise ValueError("patch context does not match reference file")
ValueError: patch context does not match reference file

The above exception was the direct cause of the following exception:

Traceback (most recent call last):
  File "/mnt/d/tehpengagent/src/ernest/agentic_recsys/overseer.py", line 233, in _run_hypothesis
    request_and_apply_patch(agent, phase=failure_stage)
  File "/mnt/d/tehpengagent/src/ernest/agentic_recsys/overseer.py", line 215, in request_and_apply_patch
    raise RuntimeError(
RuntimeError: model_designer failed to provide an applicable patch after three responses: ValueError: patch context does not match reference file
