Attempt: 4391d83b9532
Status: abandoned
Generation: 1 (draft)
Failure stage: initial_patch:feature_engineer
Failure reason: stage=initial_patch:feature_engineer; agent_or_guardrail_failure: RuntimeError: feature_engineer failed to provide an applicable patch after three responses: ValueError: invalid hunk line: '@@\n'
Hypothesis: Add leakage-safe temporal features available at impression time—day-of-week, day-of-period, and recency since each user's previous training event—while keeping the additive model and pointwise objective unchanged; construct validation features only from events earlier than each target timestamp.
Active agents: feature_engineer, trainer
Elapsed seconds: 103.221
Other logs: -

Structured failure reports:
[
  {
    "kind": "contract_fulfillment",
    "message": "feature_engineer patch response was invalid: ValueError: invalid hunk line: '@@\\n'",
    "traceback": "Traceback (most recent call last):\n  File \"/mnt/d/tehpengagent/src/ernest/agentic_recsys/overseer.py\", line 199, in request_and_apply_patch\n    apply_agent_patches(sandbox, patches, AGENT_FILES[agent])\n  File \"/mnt/d/tehpengagent/src/ernest/agentic_recsys/sandbox.py\", line 135, in apply_agent_patches\n    apply_unified_diff(root, filename, patch)\n  File \"/mnt/d/tehpengagent/src/ernest/agentic_recsys/sandbox.py\", line 112, in apply_unified_diff\n    raise ValueError(f\"invalid hunk line: {line[:100]!r}\")\nValueError: invalid hunk line: '@@\\n'\n",
    "responsible_agents": [
      "feature_engineer"
    ],
    "attempt": 1,
    "return_code": null
  },
  {
    "kind": "contract_fulfillment",
    "message": "feature_engineer patch response was invalid: ValueError: invalid hunk line: '@@\\n'",
    "traceback": "Traceback (most recent call last):\n  File \"/mnt/d/tehpengagent/src/ernest/agentic_recsys/overseer.py\", line 199, in request_and_apply_patch\n    apply_agent_patches(sandbox, patches, AGENT_FILES[agent])\n  File \"/mnt/d/tehpengagent/src/ernest/agentic_recsys/sandbox.py\", line 135, in apply_agent_patches\n    apply_unified_diff(root, filename, patch)\n  File \"/mnt/d/tehpengagent/src/ernest/agentic_recsys/sandbox.py\", line 112, in apply_unified_diff\n    raise ValueError(f\"invalid hunk line: {line[:100]!r}\")\nValueError: invalid hunk line: '@@\\n'\n",
    "responsible_agents": [
      "feature_engineer"
    ],
    "attempt": 2,
    "return_code": null
  },
  {
    "kind": "contract_fulfillment",
    "message": "feature_engineer patch response was invalid: ValueError: invalid hunk line: '@@\\n'",
    "traceback": "Traceback (most recent call last):\n  File \"/mnt/d/tehpengagent/src/ernest/agentic_recsys/overseer.py\", line 199, in request_and_apply_patch\n    apply_agent_patches(sandbox, patches, AGENT_FILES[agent])\n  File \"/mnt/d/tehpengagent/src/ernest/agentic_recsys/sandbox.py\", line 135, in apply_agent_patches\n    apply_unified_diff(root, filename, patch)\n  File \"/mnt/d/tehpengagent/src/ernest/agentic_recsys/sandbox.py\", line 112, in apply_unified_diff\n    raise ValueError(f\"invalid hunk line: {line[:100]!r}\")\nValueError: invalid hunk line: '@@\\n'\n",
    "responsible_agents": [
      "feature_engineer"
    ],
    "attempt": 3,
    "return_code": null
  }
]

Full exception traceback:
Traceback (most recent call last):
  File "/mnt/d/tehpengagent/src/ernest/agentic_recsys/overseer.py", line 199, in request_and_apply_patch
    apply_agent_patches(sandbox, patches, AGENT_FILES[agent])
  File "/mnt/d/tehpengagent/src/ernest/agentic_recsys/sandbox.py", line 135, in apply_agent_patches
    apply_unified_diff(root, filename, patch)
  File "/mnt/d/tehpengagent/src/ernest/agentic_recsys/sandbox.py", line 112, in apply_unified_diff
    raise ValueError(f"invalid hunk line: {line[:100]!r}")
ValueError: invalid hunk line: '@@\n'

The above exception was the direct cause of the following exception:

Traceback (most recent call last):
  File "/mnt/d/tehpengagent/src/ernest/agentic_recsys/overseer.py", line 233, in _run_hypothesis
    request_and_apply_patch(agent, phase=failure_stage)
  File "/mnt/d/tehpengagent/src/ernest/agentic_recsys/overseer.py", line 215, in request_and_apply_patch
    raise RuntimeError(
RuntimeError: feature_engineer failed to provide an applicable patch after three responses: ValueError: invalid hunk line: '@@\n'
