Attempt: accccc532586
Status: abandoned
Generation: 3 (draft)
Failure stage: initial_patch:feature_engineer
Failure reason: stage=initial_patch:feature_engineer; agent_or_guardrail_failure: RuntimeError: feature_engineer failed to provide an applicable patch after three responses: ValueError: invalid hunk line: '@@\n'
Hypothesis: Extend experiment 1's additive-plus-16-dimensional user-video interaction model with an auxiliary censored watch-time objective: predict watch_ratio using a shared linear head, train with Huber loss for ratios below 1.0 and a one-sided lower-bound loss for completed views at ratio 1.0, weighted at 0.1; keep long_view as the sole scored output, preserve the split, optimizer, checkpoint proxy, and within-user ranking evaluation, and construct the auxiliary target only from impression-time watch fields. Test whether watch-depth supervision improves the fixed primary metric, GAUC, and nDCG@5 beyond static affinity while reducing the current high-recall/low-precision classification tradeoff.
Active agents: feature_engineer, model_designer, trainer
Elapsed seconds: 72.171
Other logs: -

Structured failure reports:
[
  {
    "kind": "contract_fulfillment",
    "message": "feature_engineer patch response was invalid: ValueError: patch context does not match reference file",
    "traceback": "Traceback (most recent call last):\n  File \"/mnt/d/tehpengagent/src/ernest/agentic_recsys/overseer.py\", line 199, in request_and_apply_patch\n    apply_agent_patches(sandbox, patches, AGENT_FILES[agent])\n  File \"/mnt/d/tehpengagent/src/ernest/agentic_recsys/sandbox.py\", line 135, in apply_agent_patches\n    apply_unified_diff(root, filename, patch)\n  File \"/mnt/d/tehpengagent/src/ernest/agentic_recsys/sandbox.py\", line 116, in apply_unified_diff\n    raise ValueError(\"patch context does not match reference file\")\nValueError: patch context does not match reference file\n",
    "responsible_agents": [
      "feature_engineer"
    ],
    "attempt": 1,
    "return_code": null
  },
  {
    "kind": "contract_fulfillment",
    "message": "feature_engineer patch response was invalid: ValueError: patch context does not match reference file",
    "traceback": "Traceback (most recent call last):\n  File \"/mnt/d/tehpengagent/src/ernest/agentic_recsys/overseer.py\", line 199, in request_and_apply_patch\n    apply_agent_patches(sandbox, patches, AGENT_FILES[agent])\n  File \"/mnt/d/tehpengagent/src/ernest/agentic_recsys/sandbox.py\", line 135, in apply_agent_patches\n    apply_unified_diff(root, filename, patch)\n  File \"/mnt/d/tehpengagent/src/ernest/agentic_recsys/sandbox.py\", line 116, in apply_unified_diff\n    raise ValueError(\"patch context does not match reference file\")\nValueError: patch context does not match reference file\n",
    "responsible_agents": [
      "feature_engineer"
    ],
    "attempt": 2,
    "return_code": null
  },
  {
    "kind": "contract_fulfillment",
    "message": "feature_engineer patch response was invalid: ValueError: invalid hunk line: '@@\\n'",
    "traceback": "Traceback (most recent call last):\n  File \"/mnt/d/tehpengagent/src/ernest/agentic_recsys/overseer.py\", line 199, in request_and_apply_patch\n    apply_agent_patches(sandbox, patches, AGENT_FILES[agent])\n  File \"/mnt/d/tehpengagent/src/ernest/agentic_recsys/sandbox.py\", line 135, in apply_agent_patches\n    apply_unified_diff(root, filename, patch)\n  File \"/mnt/d/tehpengagent/src/ernest/agentic_recsys/sandbox.py\", line 112, in apply_unified_diff\n    raise ValueError(f\"invalid hunk line: {line[:100]!r}\")\nValueError: invalid hunk line: '@@\\n'\n",
    "responsible_agents": [
      "feature_engineer"
    ],
    "attempt": 3,
    "return_code": null
  }
]

Full exception traceback:
Traceback (most recent call last):
  File "/mnt/d/tehpengagent/src/ernest/agentic_recsys/overseer.py", line 199, in request_and_apply_patch
    apply_agent_patches(sandbox, patches, AGENT_FILES[agent])
  File "/mnt/d/tehpengagent/src/ernest/agentic_recsys/sandbox.py", line 135, in apply_agent_patches
    apply_unified_diff(root, filename, patch)
  File "/mnt/d/tehpengagent/src/ernest/agentic_recsys/sandbox.py", line 112, in apply_unified_diff
    raise ValueError(f"invalid hunk line: {line[:100]!r}")
ValueError: invalid hunk line: '@@\n'

The above exception was the direct cause of the following exception:

Traceback (most recent call last):
  File "/mnt/d/tehpengagent/src/ernest/agentic_recsys/overseer.py", line 233, in _run_hypothesis
    request_and_apply_patch(agent, phase=failure_stage)
  File "/mnt/d/tehpengagent/src/ernest/agentic_recsys/overseer.py", line 215, in request_and_apply_patch
    raise RuntimeError(
RuntimeError: feature_engineer failed to provide an applicable patch after three responses: ValueError: invalid hunk line: '@@\n'
