Attempt: 7148acb0b08e
Status: abandoned
Generation: 1 (draft)
Failure stage: initial_patch:model_designer
Failure reason: stage=initial_patch:model_designer; agent_or_guardrail_failure: RuntimeError: model_designer failed to provide an applicable patch after three responses: ValueError: patch context does not match reference file
Hypothesis: Replace pointwise BCE with within-user Bayesian Personalized Ranking: for each training user, sample one long_view-positive and one negative impression, optimize softplus(-(score_positive-score_negative)) with the existing ID-sum scorer, and retain the same validation early stopping and fixed primary metric.
Active agents: model_designer, trainer
Elapsed seconds: 55.515
Other logs: -

Structured failure reports:
[
  {
    "kind": "contract_fulfillment",
    "message": "model_designer patch response was invalid: ValueError: patch context does not match reference file",
    "traceback": "Traceback (most recent call last):\n  File \"/mnt/d/tehpengagent/src/ernest/agentic_recsys/overseer.py\", line 191, in request_and_apply_patch\n    apply_agent_patches(sandbox, patches, AGENT_FILES[agent])\n  File \"/mnt/d/tehpengagent/src/ernest/agentic_recsys/sandbox.py\", line 135, in apply_agent_patches\n    apply_unified_diff(root, filename, patch)\n  File \"/mnt/d/tehpengagent/src/ernest/agentic_recsys/sandbox.py\", line 116, in apply_unified_diff\n    raise ValueError(\"patch context does not match reference file\")\nValueError: patch context does not match reference file\n",
    "responsible_agents": [
      "model_designer"
    ],
    "attempt": 1,
    "return_code": null
  },
  {
    "kind": "contract_fulfillment",
    "message": "model_designer patch response was invalid: ValueError: patch context does not match reference file",
    "traceback": "Traceback (most recent call last):\n  File \"/mnt/d/tehpengagent/src/ernest/agentic_recsys/overseer.py\", line 191, in request_and_apply_patch\n    apply_agent_patches(sandbox, patches, AGENT_FILES[agent])\n  File \"/mnt/d/tehpengagent/src/ernest/agentic_recsys/sandbox.py\", line 135, in apply_agent_patches\n    apply_unified_diff(root, filename, patch)\n  File \"/mnt/d/tehpengagent/src/ernest/agentic_recsys/sandbox.py\", line 116, in apply_unified_diff\n    raise ValueError(\"patch context does not match reference file\")\nValueError: patch context does not match reference file\n",
    "responsible_agents": [
      "model_designer"
    ],
    "attempt": 2,
    "return_code": null
  },
  {
    "kind": "contract_fulfillment",
    "message": "model_designer patch response was invalid: ValueError: patch context does not match reference file",
    "traceback": "Traceback (most recent call last):\n  File \"/mnt/d/tehpengagent/src/ernest/agentic_recsys/overseer.py\", line 191, in request_and_apply_patch\n    apply_agent_patches(sandbox, patches, AGENT_FILES[agent])\n  File \"/mnt/d/tehpengagent/src/ernest/agentic_recsys/sandbox.py\", line 135, in apply_agent_patches\n    apply_unified_diff(root, filename, patch)\n  File \"/mnt/d/tehpengagent/src/ernest/agentic_recsys/sandbox.py\", line 116, in apply_unified_diff\n    raise ValueError(\"patch context does not match reference file\")\nValueError: patch context does not match reference file\n",
    "responsible_agents": [
      "model_designer"
    ],
    "attempt": 3,
    "return_code": null
  }
]

Full exception traceback:
Traceback (most recent call last):
  File "/mnt/d/tehpengagent/src/ernest/agentic_recsys/overseer.py", line 191, in request_and_apply_patch
    apply_agent_patches(sandbox, patches, AGENT_FILES[agent])
  File "/mnt/d/tehpengagent/src/ernest/agentic_recsys/sandbox.py", line 135, in apply_agent_patches
    apply_unified_diff(root, filename, patch)
  File "/mnt/d/tehpengagent/src/ernest/agentic_recsys/sandbox.py", line 116, in apply_unified_diff
    raise ValueError("patch context does not match reference file")
ValueError: patch context does not match reference file

The above exception was the direct cause of the following exception:

Traceback (most recent call last):
  File "/mnt/d/tehpengagent/src/ernest/agentic_recsys/overseer.py", line 225, in _run_hypothesis
    request_and_apply_patch(agent, phase=failure_stage)
  File "/mnt/d/tehpengagent/src/ernest/agentic_recsys/overseer.py", line 207, in request_and_apply_patch
    raise RuntimeError(
RuntimeError: model_designer failed to provide an applicable patch after three responses: ValueError: patch context does not match reference file
