Attempt: ae43d925ac4b
Status: abandoned
Generation: 3 (draft)
Failure stage: debug_patch:1:trainer
Failure reason: stage=debug_patch:1:trainer; agent_or_guardrail_failure: RuntimeError: trainer failed to provide an applicable patch after three responses: ValueError: patch context does not match reference file; preceding contract_fulfillment: config does not fulfill contract; missing ['watch_time_loss_weight']; 
Hypothesis: Add an auxiliary censored watch-time objective to the additive-plus-interaction representation: for long_view-positive impressions, regress log watch time only up to the observed completion-censored value using a one-sided hinge loss that penalizes predictions below observed watch time, while assigning no watch-time regression target to non-long-view impressions; weight this auxiliary loss at 0.1 and keep the long_view head as the sole scored output with unchanged within-user metrics.
Active agents: model_designer, trainer
Elapsed seconds: 175.701
Other logs: -

Structured failure reports:
[
  {
    "kind": "contract_fulfillment",
    "message": "model_designer patch response was invalid: ValueError: patch context does not match reference file",
    "traceback": "Traceback (most recent call last):\n  File \"/mnt/d/tehpengagent/src/ernest/agentic_recsys/overseer.py\", line 199, in request_and_apply_patch\n    apply_agent_patches(sandbox, patches, AGENT_FILES[agent])\n  File \"/mnt/d/tehpengagent/src/ernest/agentic_recsys/sandbox.py\", line 135, in apply_agent_patches\n    apply_unified_diff(root, filename, patch)\n  File \"/mnt/d/tehpengagent/src/ernest/agentic_recsys/sandbox.py\", line 116, in apply_unified_diff\n    raise ValueError(\"patch context does not match reference file\")\nValueError: patch context does not match reference file\n",
    "responsible_agents": [
      "model_designer"
    ],
    "attempt": 1,
    "return_code": null
  },
  {
    "kind": "contract_fulfillment",
    "message": "model_designer patch response was invalid: ValueError: patch context does not match reference file",
    "traceback": "Traceback (most recent call last):\n  File \"/mnt/d/tehpengagent/src/ernest/agentic_recsys/overseer.py\", line 199, in request_and_apply_patch\n    apply_agent_patches(sandbox, patches, AGENT_FILES[agent])\n  File \"/mnt/d/tehpengagent/src/ernest/agentic_recsys/sandbox.py\", line 135, in apply_agent_patches\n    apply_unified_diff(root, filename, patch)\n  File \"/mnt/d/tehpengagent/src/ernest/agentic_recsys/sandbox.py\", line 116, in apply_unified_diff\n    raise ValueError(\"patch context does not match reference file\")\nValueError: patch context does not match reference file\n",
    "responsible_agents": [
      "model_designer"
    ],
    "attempt": 2,
    "return_code": null
  },
  {
    "kind": "contract_fulfillment",
    "message": "config does not fulfill contract; missing ['watch_time_loss_weight']",
    "traceback": "",
    "responsible_agents": [
      "trainer"
    ],
    "attempt": 1,
    "return_code": null
  },
  {
    "kind": "contract_fulfillment",
    "message": "trainer patch response was invalid: ValueError: patch context does not match reference file",
    "traceback": "Traceback (most recent call last):\n  File \"/mnt/d/tehpengagent/src/ernest/agentic_recsys/overseer.py\", line 199, in request_and_apply_patch\n    apply_agent_patches(sandbox, patches, AGENT_FILES[agent])\n  File \"/mnt/d/tehpengagent/src/ernest/agentic_recsys/sandbox.py\", line 135, in apply_agent_patches\n    apply_unified_diff(root, filename, patch)\n  File \"/mnt/d/tehpengagent/src/ernest/agentic_recsys/sandbox.py\", line 116, in apply_unified_diff\n    raise ValueError(\"patch context does not match reference file\")\nValueError: patch context does not match reference file\n",
    "responsible_agents": [
      "trainer"
    ],
    "attempt": 1,
    "return_code": null
  },
  {
    "kind": "contract_fulfillment",
    "message": "trainer patch response was invalid: ValueError: invalid hunk line: '@@\\n'",
    "traceback": "Traceback (most recent call last):\n  File \"/mnt/d/tehpengagent/src/ernest/agentic_recsys/overseer.py\", line 199, in request_and_apply_patch\n    apply_agent_patches(sandbox, patches, AGENT_FILES[agent])\n  File \"/mnt/d/tehpengagent/src/ernest/agentic_recsys/sandbox.py\", line 135, in apply_agent_patches\n    apply_unified_diff(root, filename, patch)\n  File \"/mnt/d/tehpengagent/src/ernest/agentic_recsys/sandbox.py\", line 112, in apply_unified_diff\n    raise ValueError(f\"invalid hunk line: {line[:100]!r}\")\nValueError: invalid hunk line: '@@\\n'\n",
    "responsible_agents": [
      "trainer"
    ],
    "attempt": 2,
    "return_code": null
  },
  {
    "kind": "contract_fulfillment",
    "message": "trainer patch response was invalid: ValueError: patch context does not match reference file",
    "traceback": "Traceback (most recent call last):\n  File \"/mnt/d/tehpengagent/src/ernest/agentic_recsys/overseer.py\", line 199, in request_and_apply_patch\n    apply_agent_patches(sandbox, patches, AGENT_FILES[agent])\n  File \"/mnt/d/tehpengagent/src/ernest/agentic_recsys/sandbox.py\", line 135, in apply_agent_patches\n    apply_unified_diff(root, filename, patch)\n  File \"/mnt/d/tehpengagent/src/ernest/agentic_recsys/sandbox.py\", line 116, in apply_unified_diff\n    raise ValueError(\"patch context does not match reference file\")\nValueError: patch context does not match reference file\n",
    "responsible_agents": [
      "trainer"
    ],
    "attempt": 3,
    "return_code": null
  }
]

Full exception traceback:
Traceback (most recent call last):
  File "/mnt/d/tehpengagent/src/ernest/agentic_recsys/overseer.py", line 199, in request_and_apply_patch
    apply_agent_patches(sandbox, patches, AGENT_FILES[agent])
  File "/mnt/d/tehpengagent/src/ernest/agentic_recsys/sandbox.py", line 135, in apply_agent_patches
    apply_unified_diff(root, filename, patch)
  File "/mnt/d/tehpengagent/src/ernest/agentic_recsys/sandbox.py", line 116, in apply_unified_diff
    raise ValueError("patch context does not match reference file")
ValueError: patch context does not match reference file

The above exception was the direct cause of the following exception:

Traceback (most recent call last):
  File "/mnt/d/tehpengagent/src/ernest/agentic_recsys/overseer.py", line 262, in _run_hypothesis
    request_and_apply_patch(agent, phase=failure_stage, failure=failure)
  File "/mnt/d/tehpengagent/src/ernest/agentic_recsys/overseer.py", line 215, in request_and_apply_patch
    raise RuntimeError(
RuntimeError: trainer failed to provide an applicable patch after three responses: ValueError: patch context does not match reference file
